// Jest Snapshot v1, https://goo.gl/fbAQLP

exports[`toBeValidDotAndMatchSnapshot test matcher works 1`] = `digraph g { a -> b; }`;
